// Jest Snapshot v1, https://goo.gl/fbAQLP

exports[`Test Developers Component renders component without crash 1`] = `
"<ContextProvider value={{...}}>
  <Connect(Developers) getProfiles={[Function: mockConstructor]} profile={{...}} loading={false} />
</ContextProvider>"
`;
