// Jest Snapshot v1, https://goo.gl/fbAQLP

exports[`expect to render Profile About component 1`] = `
"<div className=\\"profile-about bg-light p-2\\">
  <h2 className=\\"text-primary\\">
     
    John
    &#39;s Bio 
  </h2>
  <p>
    Lorem Ipsum
  </p>
  <div className=\\"line\\" />
  <h2 className=\\"text-primary\\">
    Skill Set
  </h2>
  <div className=\\"skills\\">
    <div className=\\"p-1\\">
      <i className=\\"fas fa-check\\" />
       
      1
    </div>
    <div className=\\"p-1\\">
      <i className=\\"fas fa-check\\" />
       
      2
    </div>
    <div className=\\"p-1\\">
      <i className=\\"fas fa-check\\" />
       
      3
    </div>
    <div className=\\"p-1\\">
      <i className=\\"fas fa-check\\" />
       
      4
    </div>
    <div className=\\"p-1\\">
      <i className=\\"fas fa-check\\" />
       
      5
    </div>
  </div>
</div>"
`;
